2025-06-02 11:18:53 INFO  LogHelper:12 - launch chrome browser
2025-06-02 11:19:52 INFO  LogHelper:12 - Starting scenario: login with valid data
2025-06-02 11:19:54 INFO  LogHelper:12 - launch chrome browser
2025-06-02 11:19:59 INFO  LogHelper:12 - Url Opened
2025-06-02 11:20:01 INFO  LogHelper:12 - admin entered username and password
2025-06-02 11:20:04 INFO  LogHelper:12 - admin login successfully
2025-06-02 11:20:04 INFO  LogHelper:12 - expected title matches with actual title
2025-06-02 11:20:05 INFO  LogHelper:12 - close the browser
2025-06-02 11:20:05 INFO  LogHelper:12 - Scenario passed: login with valid data
2025-06-02 11:29:00 INFO  LogHelper:12 - Starting scenario: login with valid data
2025-06-02 11:29:03 INFO  LogHelper:12 - launch chrome browser
2025-06-02 11:29:05 INFO  LogHelper:12 - Url Opened
2025-06-02 11:29:13 INFO  LogHelper:12 - admin entered username and password
2025-06-02 11:29:16 INFO  LogHelper:12 - admin login successfully
2025-06-02 11:29:16 ERROR LogHelper:17 - Scenario failed: login with valid data
2025-06-02 11:38:44 INFO  LogHelper:12 - Starting scenario: login with valid data
2025-06-02 11:38:46 INFO  LogHelper:12 - launch chrome browser
2025-06-02 11:39:42 INFO  LogHelper:12 - Url Opened
2025-06-02 11:39:42 INFO  LogHelper:12 - admin entered username and password
2025-06-02 11:39:45 INFO  LogHelper:12 - admin login successfully
2025-06-02 11:39:45 ERROR LogHelper:17 - Scenario failed: login with valid data
2025-06-02 11:41:21 INFO  LogHelper:12 - Starting scenario: login with valid data
2025-06-02 11:41:24 INFO  LogHelper:12 - launch chrome browser
2025-06-02 11:42:14 INFO  LogHelper:12 - Url Opened
2025-06-02 11:42:15 INFO  LogHelper:12 - admin entered username and password
2025-06-02 11:42:18 INFO  LogHelper:12 - admin login successfully
2025-06-02 11:42:18 ERROR LogHelper:17 - Scenario failed: login with valid data
2025-06-02 22:57:30 INFO  LogHelper:12 - Starting scenario: admin login
2025-06-02 22:57:36 INFO  LogHelper:12 - launch chrome browser
2025-06-02 22:57:40 INFO  LogHelper:12 - Url Opened
2025-06-02 22:57:47 INFO  LogHelper:12 - login Successfully
2025-06-02 22:57:47 INFO  LogHelper:12 - Scenario passed: admin login
2025-06-02 22:57:48 INFO  LogHelper:12 - Starting scenario: admin add country with valid data
2025-06-02 22:57:48 INFO  LogHelper:12 - dashboard displayed
2025-06-02 22:57:48 INFO  LogHelper:12 - clicked on location 
2025-06-02 22:57:50 INFO  LogHelper:12 - Clicked on Country
2025-06-02 22:57:50 INFO  LogHelper:12 - Clicked on add country
2025-06-02 22:57:53 INFO  LogHelper:12 - Country added successfully
2025-06-02 22:57:53 WARN  LoginSteps:109 - expected title not matched
2025-06-02 22:58:03 ERROR LogHelper:17 - Scenario failed: admin add country with valid data
2025-06-02 22:58:04 INFO  LogHelper:12 - Starting scenario: Admin adds a new state with valid details
2025-06-02 22:58:04 INFO  LogHelper:12 - Admin logged in
2025-06-02 22:58:04 ERROR LogHelper:17 - Scenario failed: Admin adds a new state with valid details
2025-06-02 23:00:00 INFO  LogHelper:12 - Starting scenario: admin login
2025-06-02 23:00:02 INFO  LogHelper:12 - launch chrome browser
2025-06-02 23:00:08 INFO  LogHelper:12 - Url Opened
2025-06-02 23:00:14 INFO  LogHelper:12 - login Successfully
2025-06-02 23:00:14 INFO  LogHelper:12 - Scenario passed: admin login
2025-06-02 23:00:15 INFO  LogHelper:12 - Starting scenario: admin add country with valid data
2025-06-02 23:00:15 INFO  LogHelper:12 - dashboard displayed
2025-06-02 23:00:16 INFO  LogHelper:12 - clicked on location 
2025-06-02 23:00:17 INFO  LogHelper:12 - Clicked on Country
2025-06-02 23:00:17 INFO  LogHelper:12 - Clicked on add country
2025-06-02 23:00:21 INFO  LogHelper:12 - Country added successfully
2025-06-02 23:00:21 WARN  LoginSteps:109 - expected title not matched
2025-06-02 23:00:21 INFO  LogHelper:22 - expected title match with actual title
2025-06-02 23:00:24 INFO  LogHelper:12 - Admin clicked on yes Add!
2025-06-02 23:00:27 INFO  LogHelper:12 - Scenario passed: admin add country with valid data
2025-06-02 23:00:27 INFO  LogHelper:12 - Starting scenario: Admin adds a new state with valid details
2025-06-02 23:00:27 INFO  LogHelper:12 - Admin logged in
2025-06-02 23:00:27 ERROR LogHelper:17 - Scenario failed: Admin adds a new state with valid details
2025-06-03 10:13:44 INFO  LogHelper:12 - Starting scenario: admin add country with valid data
2025-06-03 10:13:49 INFO  LogHelper:12 - launch chrome browser
2025-06-03 10:13:49 ERROR LogHelper:17 - Scenario failed: admin add country with valid data
2025-06-03 10:13:49 INFO  LogHelper:12 - Starting scenario: Admin adds a new state with valid details
2025-06-03 10:13:49 INFO  LogHelper:12 - launch chrome browser
2025-06-03 10:13:49 ERROR LogHelper:17 - Scenario failed: Admin adds a new state with valid details
2025-06-03 10:14:15 INFO  LogHelper:12 - Starting scenario: admin add country with valid data
2025-06-03 10:14:20 INFO  LogHelper:12 - launch chrome browser
2025-06-03 10:14:26 INFO  LogHelper:12 - Url Opened
2025-06-03 10:14:33 INFO  LogHelper:12 - login Successfully
2025-06-03 10:14:33 INFO  LogHelper:12 - dashboard displayed
2025-06-03 10:14:33 INFO  LogHelper:12 - clicked on location 
2025-06-03 10:14:35 INFO  LogHelper:12 - Clicked on Country
2025-06-03 10:14:35 INFO  LogHelper:12 - Clicked on add country
2025-06-03 10:14:39 INFO  LogHelper:12 - Country added successfully
2025-06-03 10:14:39 WARN  LoginSteps:117 - expected title not matched
2025-06-03 10:14:39 INFO  LogHelper:22 - expected title match with actual title
2025-06-03 10:14:42 INFO  LogHelper:12 - Admin clicked on yes Add!
2025-06-03 10:14:45 INFO  LogHelper:12 - Scenario passed: admin add country with valid data
2025-06-03 10:14:45 INFO  LogHelper:12 - Starting scenario: Admin adds a new state with valid details
2025-06-03 10:14:45 INFO  LogHelper:12 - launch chrome browser
2025-06-03 10:14:46 INFO  LogHelper:12 - Url Opened
2025-06-03 10:14:55 INFO  LogHelper:12 - login Successfully
2025-06-03 10:14:55 INFO  LogHelper:12 - Admin logged in
2025-06-03 10:14:55 ERROR LogHelper:17 - Scenario failed: Admin adds a new state with valid details
2025-06-03 10:18:40 INFO  LogHelper:12 - Starting scenario: admin add country with valid data
2025-06-03 10:18:42 INFO  LogHelper:12 - launch chrome browser
2025-06-03 10:18:51 INFO  LogHelper:12 - Url Opened
2025-06-03 10:18:57 INFO  LogHelper:12 - login Successfully
2025-06-03 10:18:57 INFO  LogHelper:12 - dashboard displayed
2025-06-03 10:18:58 INFO  LogHelper:12 - clicked on location 
2025-06-03 10:18:59 INFO  LogHelper:12 - Clicked on Country
2025-06-03 10:19:00 INFO  LogHelper:12 - Clicked on add country
2025-06-03 10:19:03 INFO  LogHelper:12 - Country added successfully
2025-06-03 10:19:03 WARN  LoginSteps:117 - expected title not matched
2025-06-03 10:19:03 INFO  LogHelper:22 - expected title match with actual title
2025-06-03 10:19:07 INFO  LogHelper:12 - Admin clicked on yes Add!
2025-06-03 10:19:10 INFO  LogHelper:12 - Scenario passed: admin add country with valid data
2025-06-03 10:19:10 INFO  LogHelper:12 - Starting scenario: Admin adds a new state with valid details
2025-06-03 10:19:10 INFO  LogHelper:12 - launch chrome browser
2025-06-03 10:19:11 INFO  LogHelper:12 - Url Opened
2025-06-03 10:19:18 INFO  LogHelper:12 - login Successfully
2025-06-03 10:19:18 INFO  LogHelper:12 - Admin logged in
2025-06-03 10:19:18 INFO  LogHelper:12 - Admin Cliked on Location
2025-06-03 10:19:19 INFO  LogHelper:12 - admin clicked on state button
2025-06-03 10:19:19 INFO  LogHelper:12 - admin Cliked on add state button
2025-06-03 10:19:20 INFO  LogHelper:12 - State name entered 
2025-06-03 10:19:20 INFO  LogHelper:12 - Country selected successfully.
2025-06-03 10:19:20 INFO  LogHelper:12 - clicked on add button ...
2025-06-03 10:19:30 ERROR LogHelper:17 - Scenario failed: Admin adds a new state with valid details
2025-06-03 10:57:27 INFO  LogHelper:12 - Starting scenario: admin add country with valid data
2025-06-03 10:57:29 INFO  LogHelper:12 - launch chrome browser
2025-06-03 10:57:35 INFO  LogHelper:12 - Url Opened
2025-06-03 10:57:42 INFO  LogHelper:12 - login Successfully
2025-06-03 10:57:42 INFO  LogHelper:12 - dashboard displayed
2025-06-03 10:57:42 INFO  LogHelper:12 - clicked on location 
2025-06-03 10:57:43 INFO  LogHelper:12 - Clicked on Country
2025-06-03 10:57:44 INFO  LogHelper:12 - Clicked on add country
2025-06-03 10:57:47 INFO  LogHelper:12 - Country added successfully
2025-06-03 10:57:47 WARN  LoginSteps:117 - expected title not matched
2025-06-03 10:57:48 INFO  LogHelper:22 - expected title match with actual title
2025-06-03 10:57:51 INFO  LogHelper:12 - Admin clicked on yes Add!
2025-06-03 10:57:54 INFO  LogHelper:12 - Scenario passed: admin add country with valid data
2025-06-03 10:57:54 INFO  LogHelper:12 - Starting scenario: Admin adds a new state with valid details
2025-06-03 10:57:54 INFO  LogHelper:12 - launch chrome browser
2025-06-03 10:57:55 INFO  LogHelper:12 - Url Opened
2025-06-03 10:58:02 INFO  LogHelper:12 - login Successfully
2025-06-03 10:58:02 INFO  LogHelper:12 - Admin logged in
2025-06-03 10:58:02 INFO  LogHelper:12 - Admin Cliked on Location
2025-06-03 10:58:03 INFO  LogHelper:12 - admin clicked on state button
2025-06-03 10:58:03 INFO  LogHelper:12 - admin Cliked on add state button
2025-06-03 10:58:04 INFO  LogHelper:12 - State name entered 
2025-06-03 10:58:04 INFO  LogHelper:12 - Country selected successfully.
2025-06-03 10:58:04 INFO  LogHelper:12 - clicked on add button ...
2025-06-03 10:58:14 ERROR LogHelper:17 - Scenario failed: Admin adds a new state with valid details
2025-06-03 11:04:06 INFO  LogHelper:12 - Starting scenario: admin add country with valid data
2025-06-03 11:04:08 INFO  LogHelper:12 - launch chrome browser
2025-06-03 11:04:13 INFO  LogHelper:12 - Url Opened
2025-06-03 11:04:20 INFO  LogHelper:12 - login Successfully
2025-06-03 11:04:20 INFO  LogHelper:12 - dashboard displayed
2025-06-03 11:04:21 INFO  LogHelper:12 - clicked on location 
2025-06-03 11:04:23 INFO  LogHelper:12 - Clicked on Country
2025-06-03 11:04:23 INFO  LogHelper:12 - Clicked on add country
2025-06-03 11:04:27 INFO  LogHelper:12 - Country added successfully
2025-06-03 11:04:27 WARN  LoginSteps:117 - expected title not matched
2025-06-03 11:04:27 INFO  LogHelper:22 - expected title match with actual title
2025-06-03 11:04:30 INFO  LogHelper:12 - Admin clicked on yes Add!
2025-06-03 11:04:33 INFO  LogHelper:12 - Scenario passed: admin add country with valid data
2025-06-03 11:04:34 INFO  LogHelper:12 - Starting scenario: Admin adds a new state with valid details
2025-06-03 11:04:34 INFO  LogHelper:12 - launch chrome browser
2025-06-03 11:04:35 INFO  LogHelper:12 - Url Opened
2025-06-03 11:04:42 INFO  LogHelper:12 - login Successfully
2025-06-03 11:04:42 INFO  LogHelper:12 - Admin logged in
2025-06-03 11:04:42 INFO  LogHelper:12 - Admin Cliked on Location
2025-06-03 11:04:47 INFO  LogHelper:12 - admin clicked on state button
2025-06-03 11:04:47 INFO  LogHelper:12 - admin Cliked on add state button
2025-06-03 11:04:47 INFO  LogHelper:12 - State name entered 
2025-06-03 11:04:47 INFO  LogHelper:12 - Country selected successfully.
2025-06-03 11:04:48 INFO  LogHelper:12 - clicked on add button ...
2025-06-03 11:04:58 ERROR LogHelper:17 - Scenario failed: Admin adds a new state with valid details
2025-06-03 11:09:21 INFO  LogHelper:12 - Starting scenario: admin add country with valid data
2025-06-03 11:09:24 INFO  LogHelper:12 - launch chrome browser
2025-06-03 11:09:30 INFO  LogHelper:12 - Url Opened
2025-06-03 11:09:36 INFO  LogHelper:12 - login Successfully
2025-06-03 11:09:36 INFO  LogHelper:12 - dashboard displayed
2025-06-03 11:09:36 INFO  LogHelper:12 - clicked on location 
2025-06-03 11:09:38 INFO  LogHelper:12 - Clicked on Country
2025-06-03 11:09:38 INFO  LogHelper:12 - Clicked on add country
2025-06-03 11:09:42 INFO  LogHelper:12 - Country added successfully
2025-06-03 11:09:42 WARN  LoginSteps:117 - expected title not matched
2025-06-03 11:09:42 INFO  LogHelper:22 - expected title match with actual title
2025-06-03 11:09:45 INFO  LogHelper:12 - Admin clicked on yes Add!
2025-06-03 11:09:48 INFO  LogHelper:12 - Scenario passed: admin add country with valid data
2025-06-03 11:09:49 INFO  LogHelper:12 - Starting scenario: Admin adds a new state with valid details
2025-06-03 11:09:49 INFO  LogHelper:12 - launch chrome browser
2025-06-03 11:09:50 INFO  LogHelper:12 - Url Opened
2025-06-03 11:09:56 INFO  LogHelper:12 - login Successfully
2025-06-03 11:09:56 INFO  LogHelper:12 - Admin logged in
2025-06-03 11:09:57 INFO  LogHelper:12 - Admin Cliked on Location
2025-06-03 11:09:59 INFO  LogHelper:12 - admin clicked on state button
2025-06-03 11:09:59 INFO  LogHelper:12 - admin Cliked on add state button
2025-06-03 11:09:59 INFO  LogHelper:12 - State name entered 
2025-06-03 11:09:59 INFO  LogHelper:12 - Country selected successfully.
2025-06-03 11:10:00 INFO  LogHelper:12 - clicked on add button ...
2025-06-03 11:10:10 ERROR LogHelper:17 - Scenario failed: Admin adds a new state with valid details
2025-06-03 11:20:21 INFO  LogHelper:12 - Starting scenario: admin add country with valid data
2025-06-03 11:20:26 INFO  LogHelper:12 - launch chrome browser
2025-06-03 11:20:32 INFO  LogHelper:12 - Url Opened
2025-06-03 11:20:39 INFO  LogHelper:12 - login Successfully
2025-06-03 11:20:39 INFO  LogHelper:12 - dashboard displayed
2025-06-03 11:20:39 INFO  LogHelper:12 - clicked on location 
2025-06-03 11:20:40 INFO  LogHelper:12 - Clicked on Country
2025-06-03 11:20:41 INFO  LogHelper:12 - Clicked on add country
2025-06-03 11:20:44 INFO  LogHelper:12 - Country added successfully
2025-06-03 11:20:44 WARN  LoginSteps:117 - expected title not matched
2025-06-03 11:20:44 INFO  LogHelper:22 - expected title match with actual title
2025-06-03 11:20:47 INFO  LogHelper:12 - Admin clicked on yes Add!
2025-06-03 11:20:50 INFO  LogHelper:12 - Scenario passed: admin add country with valid data
2025-06-03 11:20:51 INFO  LogHelper:12 - Starting scenario: Admin adds a new state with valid details
2025-06-03 11:20:51 INFO  LogHelper:12 - launch chrome browser
2025-06-03 11:20:52 INFO  LogHelper:12 - Url Opened
2025-06-03 11:20:58 INFO  LogHelper:12 - login Successfully
2025-06-03 11:20:58 INFO  LogHelper:12 - Admin logged in
2025-06-03 11:20:58 INFO  LogHelper:12 - Admin Cliked on Location
2025-06-03 11:20:59 INFO  LogHelper:12 - admin clicked on state button
2025-06-03 11:20:59 INFO  LogHelper:12 - admin Cliked on add state button
2025-06-03 11:21:00 INFO  LogHelper:12 - State name entered 
2025-06-03 11:21:00 INFO  LogHelper:12 - Country selected successfully.
2025-06-03 11:21:00 INFO  LogHelper:12 - clicked on add button ...
2025-06-03 11:21:11 ERROR LogHelper:17 - Scenario failed: Admin adds a new state with valid details
2025-06-03 11:29:08 INFO  LogHelper:12 - Starting scenario: admin add country with valid data
2025-06-03 11:29:11 INFO  LogHelper:12 - launch chrome browser
2025-06-03 11:29:17 INFO  LogHelper:12 - Url Opened
2025-06-03 11:29:24 INFO  LogHelper:12 - login Successfully
2025-06-03 11:29:24 INFO  LogHelper:12 - dashboard displayed
2025-06-03 11:29:24 INFO  LogHelper:12 - clicked on location 
2025-06-03 11:29:25 INFO  LogHelper:12 - Clicked on Country
2025-06-03 11:29:25 INFO  LogHelper:12 - Clicked on add country
2025-06-03 11:29:29 INFO  LogHelper:12 - Country added successfully
2025-06-03 11:29:29 WARN  LoginSteps:117 - expected title not matched
2025-06-03 11:29:29 INFO  LogHelper:22 - expected title match with actual title
2025-06-03 11:29:32 INFO  LogHelper:12 - Admin clicked on yes Add!
2025-06-03 11:29:35 INFO  LogHelper:12 - Scenario passed: admin add country with valid data
2025-06-03 11:29:36 INFO  LogHelper:12 - Starting scenario: Admin adds a new state with valid details
2025-06-03 11:29:36 INFO  LogHelper:12 - launch chrome browser
2025-06-03 11:29:37 INFO  LogHelper:12 - Url Opened
2025-06-03 11:29:43 INFO  LogHelper:12 - login Successfully
2025-06-03 11:29:43 INFO  LogHelper:12 - Admin logged in
2025-06-03 11:29:43 INFO  LogHelper:12 - Admin Cliked on Location
2025-06-03 11:29:44 INFO  LogHelper:12 - admin clicked on state button
2025-06-03 11:29:45 INFO  LogHelper:12 - admin Cliked on add state button
2025-06-03 11:29:45 INFO  LogHelper:12 - State name entered 
2025-06-03 11:29:45 INFO  LogHelper:12 - Country selected successfully.
2025-06-03 11:29:46 INFO  LogHelper:12 - clicked on add button ...
2025-06-03 11:29:56 ERROR LogHelper:17 - Scenario failed: Admin adds a new state with valid details
2025-06-03 11:36:22 INFO  LogHelper:12 - Starting scenario: admin add country with valid data
2025-06-03 11:36:24 INFO  LogHelper:12 - launch chrome browser
2025-06-03 11:36:30 INFO  LogHelper:12 - Url Opened
2025-06-03 11:36:36 INFO  LogHelper:12 - login Successfully
2025-06-03 11:36:36 INFO  LogHelper:12 - dashboard displayed
2025-06-03 11:36:37 INFO  LogHelper:12 - clicked on location 
2025-06-03 11:36:38 INFO  LogHelper:12 - Clicked on Country
2025-06-03 11:36:38 INFO  LogHelper:12 - Clicked on add country
2025-06-03 11:36:42 INFO  LogHelper:12 - Country added successfully
2025-06-03 11:36:42 WARN  LoginSteps:117 - expected title not matched
2025-06-03 11:36:42 INFO  LogHelper:22 - expected title match with actual title
2025-06-03 11:36:45 INFO  LogHelper:12 - Admin clicked on yes Add!
2025-06-03 11:36:48 INFO  LogHelper:12 - Scenario passed: admin add country with valid data
2025-06-03 11:36:48 INFO  LogHelper:12 - Starting scenario: Admin adds a new state with valid details
2025-06-03 11:36:48 INFO  LogHelper:12 - launch chrome browser
2025-06-03 11:36:50 INFO  LogHelper:12 - Url Opened
2025-06-03 11:36:56 INFO  LogHelper:12 - login Successfully
2025-06-03 11:36:56 INFO  LogHelper:12 - Admin logged in
2025-06-03 11:36:57 INFO  LogHelper:12 - Admin Cliked on Location
2025-06-03 11:36:58 INFO  LogHelper:12 - admin clicked on state button
2025-06-03 11:36:58 INFO  LogHelper:12 - admin Cliked on add state button
2025-06-03 11:36:59 INFO  LogHelper:12 - State name entered 
2025-06-03 11:36:59 INFO  LogHelper:12 - Country selected successfully.
2025-06-03 11:36:59 INFO  LogHelper:12 - clicked on add button ...
2025-06-03 11:37:09 ERROR LogHelper:17 - Scenario failed: Admin adds a new state with valid details
2025-06-03 14:21:52 INFO  LogHelper:12 - Starting scenario: admin add country with valid data
2025-06-03 14:21:56 INFO  LogHelper:12 - launch chrome browser
2025-06-03 14:22:05 INFO  LogHelper:12 - Url Opened
2025-06-03 14:22:12 INFO  LogHelper:12 - login Successfully
2025-06-03 14:22:12 INFO  LogHelper:12 - dashboard displayed
2025-06-03 14:22:16 INFO  LogHelper:12 - clicked on location 
2025-06-03 14:22:19 INFO  LogHelper:12 - Clicked on Country
2025-06-03 14:22:19 INFO  LogHelper:12 - Clicked on add country
2025-06-03 14:22:22 INFO  LogHelper:12 - Country added successfully
2025-06-03 14:22:22 WARN  LoginSteps:117 - expected title not matched
2025-06-03 14:22:23 INFO  LogHelper:22 - expected title match with actual title
2025-06-03 14:22:26 INFO  LogHelper:12 - Admin clicked on yes Add!
2025-06-03 14:22:29 INFO  LogHelper:12 - Scenario passed: admin add country with valid data
2025-06-03 14:22:29 INFO  LogHelper:12 - Starting scenario: Admin adds a new state with valid details
2025-06-03 14:22:29 INFO  LogHelper:12 - launch chrome browser
2025-06-03 14:22:30 INFO  LogHelper:12 - Url Opened
2025-06-03 14:22:36 INFO  LogHelper:12 - login Successfully
2025-06-03 14:22:36 INFO  LogHelper:12 - Admin logged in
2025-06-03 14:22:36 INFO  LogHelper:12 - Admin Cliked on Location
2025-06-03 14:22:38 INFO  LogHelper:12 - admin clicked on state button
2025-06-03 14:22:38 INFO  LogHelper:12 - admin Cliked on add state button
2025-06-03 14:22:39 INFO  LogHelper:12 - State name entered 
2025-06-03 14:22:39 INFO  LogHelper:12 - Country selected successfully.
2025-06-03 14:22:39 INFO  LogHelper:12 - clicked on add button ...
2025-06-03 14:22:49 ERROR LogHelper:17 - Scenario failed: Admin adds a new state with valid details
